[2026-08-23 06:38:18] Starting token generation...
[2026-08-23 06:38:18] Got addhash: fb5116a487fe0d4b9e8f97bc98686f...
[2026-08-23 06:38:19] Mobile check completed
[2026-08-23 06:38:20] Userver request sent
[2026-08-23 06:38:20] Waiting 20 seconds...
[2026-08-23 06:38:40] Attempt 1: Verification successful!
[2026-08-23 06:38:40] ✅ Token saved to token.json
[2026-08-23 06:38:40] Token: fb5116a487fe0d4b9e8f97bc98686fe3::09c02fcaa34972f3...
[2026-08-23 06:47:31] Starting token generation...
[2026-08-23 06:47:32] Homepage loaded: 200
[2026-08-23 06:47:32] Got addhash: 2ac08552046d78c9e58ed342c143b6...
[2026-08-23 06:47:32] Mobile check completed
[2026-08-23 06:47:33] Userver request sent
[2026-08-23 06:47:33] Waiting 20 seconds...
[2026-08-23 06:47:53] Verification attempt 1/5...
[2026-08-23 06:47:53] Response: {"c":"y","statusup":"Waiting for your ads click."}
[2026-08-23 06:47:53] Attempt 1: Verification successful!
[2026-08-23 06:47:54] Fresh cookies obtained
[2026-08-23 06:47:54] Cookies: ['addhash', 'csu']
[2026-08-23 06:47:54] t_hash_t created from addhash
[2026-08-23 06:47:54] Token generated: 2ac08552046d78c9e58ed342c143b632::566e50791eebeda1...
[2026-08-23 06:47:54] ✅ Token saved to token.json
[2026-08-23 06:47:54] Token: 2ac08552046d78c9e58ed342c143b632::566e50791eebeda1...
